
query: ما الذي يحدث عند رفض التصعيد مرتين

--- RETRIEVED (dense, Qdrant order) ---
#1 score=0.651 source_type=pdf type=text file=BARQ_IT_Service_Desk_Manual_Ed5.1.pdf page=14 chunk=1
   A rejected escalation comes back once, and once only: A resolver group may return an escalation with a written reason and a named alternative group. The analyst
   A rejected escalation comes back once, and once only: routes it to that group. If the second group also rejects it, the incident goes to the service owner listed in
   A rejected escalation comes back once, and once only: Section 5 — no

#2 score=0.627 source_type=pdf type=diagram file=BARQ_IT_Service_Desk_Manual_Ed5.1.pdf page=39 chunk=4
   Diagram summary:
   (1) 1. Gate 1: Evidence, 2. Gate 2: Risk, 3. Gate 3: Confidence. (2) If no chunk clears the score threshold -> Refuse and hand off, else -> Gate 2. If risk is high or confidence sits below the floor -> Escalate to a human, else -> Gate 3 / Suggest. If all three gates pass -> Suggest. (3) Gate 1 (Evidence) -> Gate 2 (Risk), Gate 2 (Risk) -> Gate 3 (Confidence). (4) The diagram s

#3 score=0.620 source_type=pdf type=text file=BARQ_IT_Service_Desk_Manual_Ed5.1.pdf page=39 chunk=0
   11.4 Three gates, and what each outcome means to you The three gates. A draft is written only when all three pass; otherwise the incident is flagged and left for a person.

#4 score=0.607 source_type=pdf type=table file=BARQ_IT_Service_Desk_Manual_Ed5.1.pdf page=39 chunk=1
   | OUTCOME | WHAT YOU SEE ON THE FORM | WHAT TO DO |
   |---|---|---|
   | Suggested | A numbered procedure with a cited article. Confidence between 0 and 1. | Read it against the reported symptom before applying it. If it does not match, discard it and say so in the work note — that note is what improves the corpus. |
   | Escalated — no evidence | No draft. A work note naming what was searched an

#5 score=0.605 source_type=pdf type=table file=BARQ_IT_Service_Desk_Manual_Ed5.1.pdf page=48 chunk=0
   | Escalation | When to stop and who to send it to |
   |---|---|
   | Evidence | At least two incident numbers where this pattern occurred |
   
   Rows as records:
   Escalation: Evidence; When to stop and who to send it to: At least two incident numbers where this pattern occurred

